Analysis & Synthesis report for ALU
Sun Nov 27 22:38:07 2022
Quartus Prime Version 19.1.0 Build 670 09/22/2019 SJ Lite Edition


---------------------
; Table of Contents ;
---------------------
  1. Legal Notice
  2. Analysis & Synthesis Summary
  3. Analysis & Synthesis Settings
  4. Parallel Compilation
  5. Analysis & Synthesis Messages



----------------
; Legal Notice ;
----------------
Copyright (C) 2019  Intel Corporation. All rights reserved.
Your use of Intel Corporation's design tools, logic functions 
and other software and tools, and any partner logic 
functions, and any output files from any of the foregoing 
(including device programming or simulation files), and any 
associated documentation or information are expressly subject 
to the terms and conditions of the Intel Program License 
Subscription Agreement, the Intel Quartus Prime License Agreement,
the Intel FPGA IP License Agreement, or other applicable license
agreement, including, without limitation, that your use is for
the sole purpose of programming logic devices manufactured by
Intel and sold by Intel or its authorized distributors.  Please
refer to the applicable agreement for further details, at
https://fpgasoftware.intel.com/eula.



+----------------------------------------------------------------------------------+
; Analysis & Synthesis Summary                                                     ;
+------------------------------------+---------------------------------------------+
; Analysis & Synthesis Status        ; Failed - Sun Nov 27 22:38:07 2022           ;
; Quartus Prime Version              ; 19.1.0 Build 670 09/22/2019 SJ Lite Edition ;
; Revision Name                      ; ALU                                         ;
; Top-level Entity Name              ; ALU                                         ;
; Family                             ; MAX 10                                      ;
; Total logic elements               ; N/A until Partition Merge                   ;
;     Total combinational functions  ; N/A until Partition Merge                   ;
;     Dedicated logic registers      ; N/A until Partition Merge                   ;
; Total registers                    ; N/A until Partition Merge                   ;
; Total pins                         ; N/A until Partition Merge                   ;
; Total virtual pins                 ; N/A until Partition Merge                   ;
; Total memory bits                  ; N/A until Partition Merge                   ;
; Embedded Multiplier 9-bit elements ; N/A until Partition Merge                   ;
; Total PLLs                         ; N/A until Partition Merge                   ;
; UFM blocks                         ; N/A until Partition Merge                   ;
; ADC blocks                         ; N/A until Partition Merge                   ;
+------------------------------------+---------------------------------------------+


+------------------------------------------------------------------------------------------------------------+
; Analysis & Synthesis Settings                                                                              ;
+------------------------------------------------------------------+--------------------+--------------------+
; Option                                                           ; Setting            ; Default Value      ;
+------------------------------------------------------------------+--------------------+--------------------+
; Device                                                           ; 10M50DAF484C6GES   ;                    ;
; Top-level entity name                                            ; ALU                ; ALU                ;
; Family name                                                      ; MAX 10             ; Cyclone V          ;
; Use smart compilation                                            ; Off                ; Off                ;
; Enable parallel Assembler and Timing Analyzer during compilation ; On                 ; On                 ;
; Enable compact report table                                      ; Off                ; Off                ;
; Restructure Multiplexers                                         ; Auto               ; Auto               ;
; Create Debugging Nodes for IP Cores                              ; Off                ; Off                ;
; Preserve fewer node names                                        ; On                 ; On                 ;
; Intel FPGA IP Evaluation Mode                                    ; Enable             ; Enable             ;
; Verilog Version                                                  ; Verilog_2001       ; Verilog_2001       ;
; VHDL Version                                                     ; VHDL_1993          ; VHDL_1993          ;
; State Machine Processing                                         ; Auto               ; Auto               ;
; Safe State Machine                                               ; Off                ; Off                ;
; Extract Verilog State Machines                                   ; On                 ; On                 ;
; Extract VHDL State Machines                                      ; On                 ; On                 ;
; Ignore Verilog initial constructs                                ; Off                ; Off                ;
; Iteration limit for constant Verilog loops                       ; 5000               ; 5000               ;
; Iteration limit for non-constant Verilog loops                   ; 250                ; 250                ;
; Add Pass-Through Logic to Inferred RAMs                          ; On                 ; On                 ;
; Infer RAMs from Raw Logic                                        ; On                 ; On                 ;
; Parallel Synthesis                                               ; On                 ; On                 ;
; DSP Block Balancing                                              ; Auto               ; Auto               ;
; NOT Gate Push-Back                                               ; On                 ; On                 ;
; Power-Up Don't Care                                              ; On                 ; On                 ;
; Remove Redundant Logic Cells                                     ; Off                ; Off                ;
; Remove Duplicate Registers                                       ; On                 ; On                 ;
; Ignore CARRY Buffers                                             ; Off                ; Off                ;
; Ignore CASCADE Buffers                                           ; Off                ; Off                ;
; Ignore GLOBAL Buffers                                            ; Off                ; Off                ;
; Ignore ROW GLOBAL Buffers                                        ; Off                ; Off                ;
; Ignore LCELL Buffers                                             ; Off                ; Off                ;
; Ignore SOFT Buffers                                              ; On                 ; On                 ;
; Limit AHDL Integers to 32 Bits                                   ; Off                ; Off                ;
; Optimization Technique                                           ; Balanced           ; Balanced           ;
; Carry Chain Length                                               ; 70                 ; 70                 ;
; Auto Carry Chains                                                ; On                 ; On                 ;
; Auto Open-Drain Pins                                             ; On                 ; On                 ;
; Perform WYSIWYG Primitive Resynthesis                            ; Off                ; Off                ;
; Auto ROM Replacement                                             ; On                 ; On                 ;
; Auto RAM Replacement                                             ; On                 ; On                 ;
; Auto DSP Block Replacement                                       ; On                 ; On                 ;
; Auto Shift Register Replacement                                  ; Auto               ; Auto               ;
; Allow Shift Register Merging across Hierarchies                  ; Auto               ; Auto               ;
; Auto Clock Enable Replacement                                    ; On                 ; On                 ;
; Strict RAM Replacement                                           ; Off                ; Off                ;
; Allow Synchronous Control Signals                                ; On                 ; On                 ;
; Force Use of Synchronous Clear Signals                           ; Off                ; Off                ;
; Auto RAM Block Balancing                                         ; On                 ; On                 ;
; Auto RAM to Logic Cell Conversion                                ; Off                ; Off                ;
; Auto Resource Sharing                                            ; Off                ; Off                ;
; Allow Any RAM Size For Recognition                               ; Off                ; Off                ;
; Allow Any ROM Size For Recognition                               ; Off                ; Off                ;
; Allow Any Shift Register Size For Recognition                    ; Off                ; Off                ;
; Use LogicLock Constraints during Resource Balancing              ; On                 ; On                 ;
; Ignore translate_off and synthesis_off directives                ; Off                ; Off                ;
; Timing-Driven Synthesis                                          ; On                 ; On                 ;
; Report Parameter Settings                                        ; On                 ; On                 ;
; Report Source Assignments                                        ; On                 ; On                 ;
; Report Connectivity Checks                                       ; On                 ; On                 ;
; Ignore Maximum Fan-Out Assignments                               ; Off                ; Off                ;
; Synchronization Register Chain Length                            ; 2                  ; 2                  ;
; Power Optimization During Synthesis                              ; Normal compilation ; Normal compilation ;
; HDL message level                                                ; Level2             ; Level2             ;
; Suppress Register Optimization Related Messages                  ; Off                ; Off                ;
; Number of Removed Registers Reported in Synthesis Report         ; 5000               ; 5000               ;
; Number of Swept Nodes Reported in Synthesis Report               ; 5000               ; 5000               ;
; Number of Inverted Registers Reported in Synthesis Report        ; 100                ; 100                ;
; Clock MUX Protection                                             ; On                 ; On                 ;
; Auto Gated Clock Conversion                                      ; Off                ; Off                ;
; Block Design Naming                                              ; Auto               ; Auto               ;
; SDC constraint protection                                        ; Off                ; Off                ;
; Synthesis Effort                                                 ; Auto               ; Auto               ;
; Shift Register Replacement - Allow Asynchronous Clear Signal     ; On                 ; On                 ;
; Pre-Mapping Resynthesis Optimization                             ; Off                ; Off                ;
; Analysis & Synthesis Message Level                               ; Medium             ; Medium             ;
; Disable Register Merging Across Hierarchies                      ; Auto               ; Auto               ;
; Resource Aware Inference For Block RAM                           ; On                 ; On                 ;
+------------------------------------------------------------------+--------------------+--------------------+


+------------------------------------------+
; Parallel Compilation                     ;
+----------------------------+-------------+
; Processors                 ; Number      ;
+----------------------------+-------------+
; Number detected on machine ; 8           ;
; Maximum allowed            ; 4           ;
;                            ;             ;
; Average used               ; 1.00        ;
; Maximum used               ; 1           ;
;                            ;             ;
; Usage by Processor         ; % Time Used ;
;     Processor 1            ; 100.0%      ;
+----------------------------+-------------+


+-------------------------------+
; Analysis & Synthesis Messages ;
+-------------------------------+
Info: *******************************************************************
Info: Running Quartus Prime Analysis & Synthesis
    Info: Version 19.1.0 Build 670 09/22/2019 SJ Lite Edition
    Info: Processing started: Sun Nov 27 22:37:58 2022
Info: Command: quartus_map --read_settings_files=on --write_settings_files=off ALU -c ALU
Warning (18236): Number of processors has not been specified which may cause overloading on shared machines.  Set the global assignment NUM_PARALLEL_PROCESSORS in your QSF to an appropriate value for best performance.
Info (20030): Parallel compilation is enabled and will use 4 of the 4 processors detected
Info (12021): Found 2 design units, including 1 entities, in source file /leonel/isel/lsd/lab4/xors.vhd
    Info (12022): Found design unit 1: XORs-arq_XORs File: C:/Leonel/isel/lsd/lab4/XORs.vhd Line: 10
    Info (12023): Found entity 1: XORs File: C:/Leonel/isel/lsd/lab4/XORs.vhd Line: 4
Info (12021): Found 2 design units, including 1 entities, in source file /leonel/isel/lsd/lab4/unidaritmet.vhd
    Info (12022): Found design unit 1: UnidAritmet-arq_UnidAritmet File: C:/Leonel/isel/lsd/lab4/UnidAritmet.vhd Line: 14
    Info (12023): Found entity 1: UnidAritmet File: C:/Leonel/isel/lsd/lab4/UnidAritmet.vhd Line: 4
Info (12021): Found 2 design units, including 1 entities, in source file /leonel/isel/lsd/lab4/semi_adder.vhd
    Info (12022): Found design unit 1: semi_Adder-arq_semi_Adder File: C:/Leonel/isel/lsd/lab4/semi_Adder.vhd Line: 12
    Info (12023): Found entity 1: semi_Adder File: C:/Leonel/isel/lsd/lab4/semi_Adder.vhd Line: 4
Info (12021): Found 2 design units, including 1 entities, in source file /leonel/isel/lsd/lab4/full_adder.vhd
    Info (12022): Found design unit 1: Full_Adder-arq_Full_Adder File: C:/Leonel/isel/lsd/lab4/Full_Adder.vhd Line: 12
    Info (12023): Found entity 1: Full_Adder File: C:/Leonel/isel/lsd/lab4/Full_Adder.vhd Line: 4
Info (12021): Found 2 design units, including 1 entities, in source file /leonel/isel/lsd/lab4/flags.vhd
    Info (12022): Found design unit 1: Flags-arq_Flags File: C:/Leonel/isel/lsd/lab4/Flags.vhd Line: 14
    Info (12023): Found entity 1: Flags File: C:/Leonel/isel/lsd/lab4/Flags.vhd Line: 4
Info (12021): Found 2 design units, including 1 entities, in source file /leonel/isel/lsd/lab4/adder_subtractor.vhd
    Info (12022): Found design unit 1: Adder_Subtractor-arq_Adder_Subtractor File: C:/Leonel/isel/lsd/lab4/Adder_Subtractor.vhd Line: 15
    Info (12023): Found entity 1: Adder_Subtractor File: C:/Leonel/isel/lsd/lab4/Adder_Subtractor.vhd Line: 4
Info (12021): Found 2 design units, including 1 entities, in source file logic_module.vhd
    Info (12022): Found design unit 1: Logic_Module-arq_Logic_Module File: C:/Leonel/isel/lsd/TLab2/ALU/Logic_Module.vhd Line: 14
    Info (12023): Found entity 1: Logic_Module File: C:/Leonel/isel/lsd/TLab2/ALU/Logic_Module.vhd Line: 4
Info (12021): Found 2 design units, including 1 entities, in source file porta_xnor.vhd
    Info (12022): Found design unit 1: Porta_XNOR-arq_Porta_XNOR File: C:/Leonel/isel/lsd/TLab2/ALU/Porta_XNOR.vhd Line: 9
    Info (12023): Found entity 1: Porta_XNOR File: C:/Leonel/isel/lsd/TLab2/ALU/Porta_XNOR.vhd Line: 3
Info (12021): Found 2 design units, including 1 entities, in source file porta_or.vhd
    Info (12022): Found design unit 1: Porta_OR-arq_Porta_OR File: C:/Leonel/isel/lsd/TLab2/ALU/Porta_OR.vhd Line: 9
    Info (12023): Found entity 1: Porta_OR File: C:/Leonel/isel/lsd/TLab2/ALU/Porta_OR.vhd Line: 3
Info (12021): Found 2 design units, including 1 entities, in source file porta_lsr.vhd
    Info (12022): Found design unit 1: Porta_LSR-arq_Porta_LSR File: C:/Leonel/isel/lsd/TLab2/ALU/Porta_LSR.vhd Line: 9
    Info (12023): Found entity 1: Porta_LSR File: C:/Leonel/isel/lsd/TLab2/ALU/Porta_LSR.vhd Line: 3
Info (12021): Found 2 design units, including 1 entities, in source file porta_asr.vhd
    Info (12022): Found design unit 1: Porta_ASR-arq_Porta_ASR File: C:/Leonel/isel/lsd/TLab2/ALU/Porta_ASR.vhd Line: 9
    Info (12023): Found entity 1: Porta_ASR File: C:/Leonel/isel/lsd/TLab2/ALU/Porta_ASR.vhd Line: 3
Info (12021): Found 2 design units, including 1 entities, in source file /leonel/isel/lsd/lab3/mux4_1.vhd
    Info (12022): Found design unit 1: MUX4_1-arq_MUX4_1 File: C:/Leonel/isel/lsd/lab3/Mux4_1.vhd Line: 9
    Info (12023): Found entity 1: MUX4_1 File: C:/Leonel/isel/lsd/lab3/Mux4_1.vhd Line: 3
Info (12021): Found 2 design units, including 1 entities, in source file flags2.vhd
    Info (12022): Found design unit 1: Flags2-arq_Flags2 File: C:/Leonel/isel/lsd/TLab2/ALU/Flags2.vhd Line: 18
    Info (12023): Found entity 1: Flags2 File: C:/Leonel/isel/lsd/TLab2/ALU/Flags2.vhd Line: 4
Info (12021): Found 2 design units, including 1 entities, in source file mux_final.vhd
    Info (12022): Found design unit 1: MUX_Final-arq_MUX_Final File: C:/Leonel/isel/lsd/TLab2/ALU/MUX_Final.vhd Line: 12
    Info (12023): Found entity 1: MUX_Final File: C:/Leonel/isel/lsd/TLab2/ALU/MUX_Final.vhd Line: 4
Info (12021): Found 2 design units, including 1 entities, in source file alu.vhd
    Info (12022): Found design unit 1: ALU-arq_ALU File: C:/Leonel/isel/lsd/TLab2/ALU/ALU.vhd Line: 18
    Info (12023): Found entity 1: ALU File: C:/Leonel/isel/lsd/TLab2/ALU/ALU.vhd Line: 4
Error (10383): VHDL error at Logic_Module.vhd(150): object cannot be indexed because it has std_ulogic type rather than array type File: C:/Leonel/isel/lsd/TLab2/ALU/Logic_Module.vhd Line: 150
Error (10346): VHDL error at Logic_Module.vhd(145): formal port or parameter "B" must have actual or default value File: C:/Leonel/isel/lsd/TLab2/ALU/Logic_Module.vhd Line: 145
Error (10784): HDL error at Logic_Module.vhd(49): see declaration for object "B" File: C:/Leonel/isel/lsd/TLab2/ALU/Logic_Module.vhd Line: 49
Error (10346): VHDL error at Logic_Module.vhd(145): formal port or parameter "Sel" must have actual or default value File: C:/Leonel/isel/lsd/TLab2/ALU/Logic_Module.vhd Line: 145
Error (10784): HDL error at Logic_Module.vhd(50): see declaration for object "Sel" File: C:/Leonel/isel/lsd/TLab2/ALU/Logic_Module.vhd Line: 50
Error: Quartus Prime Analysis & Synthesis was unsuccessful. 5 errors, 1 warning
    Error: Peak virtual memory: 4769 megabytes
    Error: Processing ended: Sun Nov 27 22:38:07 2022
    Error: Elapsed time: 00:00:09
    Error: Total CPU time (on all processors): 00:00:08


